

ออออออออออออออออออออออออออออออออออออออออออออออออออออออออออออออออออออออออออออออ
 1.   Sysop Related

 SubType Host Flags Description
 ====== ----- ===== ----------------------------------------------------------
LINWWIV    60 R     Linux on WWIVnet
W4LINUX    60 R     WWIV BBS on Linux
WDOOR     707 R     WWIVnet WWIV Door Support
WWIVMOD     1 GR    WWIV Modifications [WWIVnet]
WWIVRPI    90 R     WWIV on Raspberry Pi
WWIVSYS     1 GR    Sysop Area [WWIVnet]


ออออออออออออออออออออออออออออออออออออออออออออออออออออออออออออออออออออออออออออออ
 2.   General Discussion

 SubType Host Flags Description
 ====== ----- ===== ----------------------------------------------------------
GENCHAT     1 GR    General Chat [WWIVnet]
WEATHER     1 GR    National Weather [WWIVnet]


ออออออออออออออออออออออออออออออออออออออออออออออออออออออออออออออออออออออออออออออ
 3.   Computer Science/Programming/Mods/Hardware/Software Topics

 SubType Host Flags Description
 ====== ----- ===== ----------------------------------------------------------
COOLTOO   129 R     Cool Tools and Utilities
ITTALES   707 R     WWIVnet Tales from the trenches
NETTEST   707 R     WWIVnet Test Forum
WWSET     707 R     WWIVnet WWIV BBS Setup Support


ออออออออออออออออออออออออออออออออออออออออออออออออออออออออออออออออออออออออออออออ
 4.   Individual Network Specific

 SubType Host Flags Description
 ====== ----- ===== ----------------------------------------------------------
 -- NONE --


ออออออออออออออออออออออออออออออออออออออออออออออออออออออออออออออออออออออออออออออ
 5.   Local Area/Group/Region Discussions

 SubType Host Flags Description
 ====== ----- ===== ----------------------------------------------------------
 -- NONE --


ออออออออออออออออออออออออออออออออออออออออออออออออออออออออออออออออออออออออออออออ
 6.   Science/Science Fiction/Fantasy/RPGs/D&D/AD&D

 SubType Host Flags Description
 ====== ----- ===== ----------------------------------------------------------
FUTURE    112 R     That Distant Tomorrow


ออออออออออออออออออออออออออออออออออออออออออออออออออออออออออออออออออออออออออออออ
 7.   Buy/Sell/Trade

 SubType Host Flags Description
 ====== ----- ===== ----------------------------------------------------------
 -- NONE --


ออออออออออออออออออออออออออออออออออออออออออออออออออออออออออออออออออออออออออออออ
 8.   News/Politics and Related Topics

 SubType Host Flags Description
 ====== ----- ===== ----------------------------------------------------------
DIRPOL    815 R     Down and Dirty Politics


ออออออออออออออออออออออออออออออออออออออออออออออออออออออออออออออออออออออออออออออ
 9.   Religion/Philosophy

 SubType Host Flags Description
 ====== ----- ===== ----------------------------------------------------------
 -- NONE --


ออออออออออออออออออออออออออออออออออออออออออออออออออออออออออออออออออออออออออออออ
 10.  Entertainment/ANSI/Jokes/Etc..

 SubType Host Flags Description
 ====== ----- ===== ----------------------------------------------------------
ANSIART     1 GRT   ANSI Art Gallery [WWIVnet]
MUSIC     815 R     General Music


ออออออออออออออออออออออออออออออออออออออออออออออออออออออออออออออออออออออออออออออ
 11.  Hobbies/Leisure Time/Art/Books/Pets/Professional Sports

 SubType Host Flags Description
 ====== ----- ===== ----------------------------------------------------------
ANTFEE    116 R     Antennas & Feedlines
ARNEWS    116 R     Amateur Radio Newsline
CARS        1 GR    Automotive [WWIVnet]
CLASEQ    116 R     Classic Equipment
CONSE     116 R     Contests & Special Events
COOKING   815 R     Cooking
DXZONE    116 R     The DX Zone
FCCUPD    116 R     Daily FCC Updates
GEOEXT    707 R     Extreme Geocaching
GEOGEN    707 R     Geocaching General
GEOOUCH   707 R     Lesson Learned
GEOPUZ    707 R     Puzzle Caching
HAMFEST   116 R     Hamfest Reports
HAMSALE   116 R     Ham Gear For Sale/Trade
MICSP     116 R     Microphones & Speakers
MODES     116 R     Working Different Modes
RAGCHEW   116 R     Rag Chew
SKEDS     116 R     Sked - QSO Scheduling
WWBAR     707 R     WWIVnet A night at the bar
WWIVDEV     1 GR    WWIV Development [WWIVnet]
WWIVNET     1 GR    WWIV Networking [WWIVnet]


ออออออออออออออออออออออออออออออออออออออออออออออออออออออออออออออออออออออออออออออ
 12.  Education Related Topics/School/Logic

 SubType Host Flags Description
 ====== ----- ===== ----------------------------------------------------------
 -- NONE --


ออออออออออออออออออออออออออออออออออออออออออออออออออออออออออออออออออออออออออออออ
 13.  Social/Life Topics and Styles/Alternative Life Styles

 SubType Host Flags Description
 ====== ----- ===== ----------------------------------------------------------
 -- NONE --


ออออออออออออออออออออออออออออออออออออออออออออออออออออออออออออออออออออออออออออออ
 14.  Age Group/Gender Specific

 SubType Host Flags Description
 ====== ----- ===== ----------------------------------------------------------
 -- NONE --


ออออออออออออออออออออออออออออออออออออออออออออออออออออออออออออออออออออออออออออออ
 15.  Adult Only Topics

 SubType Host Flags Description
 ====== ----- ===== ----------------------------------------------------------
 -- NONE --


ออออออออออออออออออออออออออออออออออออออออออออออออออออออออออออออออออออออออออออออ
 16.  Music/Television/Movies

 SubType Host Flags Description
 ====== ----- ===== ----------------------------------------------------------
PROG        1 GR    Music Discussion [WWIVnet]


ออออออออออออออออออออออออออออออออออออออออออออออออออออออออออออออออออออออออออออออ
 17.  Internet Newsgroups

 SubType Host Flags Description
 ====== ----- ===== ----------------------------------------------------------
 -- NONE --


ออออออออออออออออออออออออออออออออออออออออออออออออออออออออออออออออออออออออออออออ
 99.  Miscellaneous (Does Not Fit Into Any Above Category)

 SubType Host Flags Description
 ====== ----- ===== ----------------------------------------------------------
IBBSDAT    60 R     WWIV DATA


ออออออออออออออออออออออออออออออออออออออออออออออออออออออออออออออออออออออออออออออ
 Uncategorized Subs

 SubType Host Flags Description
 ====== ----- ===== ----------------------------------------------------------
DEMON      62 R     The Paranormal
